2026-09-11 12:08:37,271 | INFO | Modified:/Users/robgoodsell/Library/CloudStorage/OneDrive-UWEBristol/WECS_bird_board/ebird_GB_life_list.csv
2026-09-11 12:08:37,659 | INFO | Modified:/Users/robgoodsell/Library/CloudStorage/OneDrive-UWEBristol/WECS_bird_board/ebird_GB_life_list.csv
2026-09-11 12:09:03,653 | INFO | Modified:/Users/robgoodsell/Library/CloudStorage/OneDrive-UWEBristol/WECS_bird_board/ebird_GB_life_list.csv
2026-09-11 12:09:04,062 | INFO | Modified:/Users/robgoodsell/Library/CloudStorage/OneDrive-UWEBristol/WECS_bird_board/ebird_GB_life_list.csv
2026-09-11 12:09:04,102 | INFO | Modified:/Users/robgoodsell/Library/CloudStorage/OneDrive-UWEBristol/WECS_bird_board/ebird_GB_life_list.csv
2026-09-11 12:09:54,564 | INFO | Modified:/Users/robgoodsell/Library/CloudStorage/OneDrive-UWEBristol/WECS_bird_board/Rob_G/MyEBirdData.csv
2026-09-11 12:09:59,949 | INFO | Modified:/Users/robgoodsell/Library/CloudStorage/OneDrive-UWEBristol/WECS_bird_board/Rob_G/MyEBirdData.csv
2026-09-11 12:10:00,313 | INFO | Modified:/Users/robgoodsell/Library/CloudStorage/OneDrive-UWEBristol/WECS_bird_board/Rob_G/MyEBirdData.csv
2026-09-11 12:27:39,633 | INFO | Modified:/Users/robgoodsell/Library/CloudStorage/OneDrive-UWEBristol/WECS_bird_board/Rob_G/MyEBirdData.csv
2026-09-11 12:27:39,902 | INFO | Modified:/Users/robgoodsell/Library/CloudStorage/OneDrive-UWEBristol/WECS_bird_board/Rob_G/MyEBirdData.csv
2026-09-11 15:55:57,747 | INFO | Modified:/Users/robgoodsell/Library/CloudStorage/OneDrive-UWEBristol/WECS_bird_board/Rab_G/MyEBirdData.csv
2026-09-11 15:56:06,612 | INFO | Modified:/Users/robgoodsell/Library/CloudStorage/OneDrive-UWEBristol/WECS_bird_board/Rab_G/MyEBirdData.csv
2026-09-11 15:56:15,159 | INFO | Modified:/Users/robgoodsell/Library/CloudStorage/OneDrive-UWEBristol/WECS_bird_board/Rab_G/MyEBirdData.csv
2026-09-11 15:56:15,415 | INFO | Modified:/Users/robgoodsell/Library/CloudStorage/OneDrive-UWEBristol/WECS_bird_board/Rab_G/MyEBirdData.csv
2026-09-11 15:57:02,277 | INFO | Modified:/Users/robgoodsell/Library/CloudStorage/OneDrive-UWEBristol/WECS_bird_board/.DS_Store
2026-09-11 15:57:08,101 | INFO | Modified:/Users/robgoodsell/Library/CloudStorage/OneDrive-UWEBristol/WECS_bird_board/.DS_Store
2026-09-11 15:57:13,137 | INFO | Modified:/Users/robgoodsell/Library/CloudStorage/OneDrive-UWEBristol/WECS_bird_board/.DS_Store
2026-09-11 15:57:14,354 | INFO | Modified:/Users/robgoodsell/Library/CloudStorage/OneDrive-UWEBristol/WECS_bird_board/Reb_G/MyEBirdData.csv
2026-09-11 15:57:14,365 | INFO | Modified:/Users/robgoodsell/Library/CloudStorage/OneDrive-UWEBristol/WECS_bird_board/Reb_G/MyEBirdData.csv
2026-09-11 15:57:14,537 | INFO | Modified:/Users/robgoodsell/Library/CloudStorage/OneDrive-UWEBristol/WECS_bird_board/Reb_G/MyEBirdData.csv
2026-09-11 15:57:14,587 | INFO | Modified:/Users/robgoodsell/Library/CloudStorage/OneDrive-UWEBristol/WECS_bird_board/Reb_G/MyEBirdData.csv
